<?xml version="1.0" encoding="utf-8"?><testsuites name="pytest tests"><testsuite name="pytest" errors="0" failures="0" skipped="0" tests="22" time="1.447" timestamp="2026-06-02T12:58:34.284949+01:00" hostname="Mac.lan"><testcase classname="tests.test_css_view" name="test_css_view_has_rows" time="0.011" /><testcase classname="tests.test_css_view" name="test_css_components_non_negative" time="0.002" /><testcase classname="tests.test_css_view" name="test_css_residual_smaller_on_high_gas_days" time="0.008" /><testcase classname="tests.test_css_view" name="test_css_observed_vs_theoretical_correlation_higher_on_high_gas" time="0.004" /><testcase classname="tests.test_finbert" name="test_url_to_slug_reuters" time="0.000" /><testcase classname="tests.test_finbert" name="test_url_to_slug_strips_extensions" time="0.000" /><testcase classname="tests.test_finbert" name="test_url_to_slug_handles_garbage" time="0.000" /><testcase classname="tests.test_finbert" name="test_finbert_csv_exists_after_run" time="0.032" /><testcase classname="tests.test_implied_ttf" name="test_implied_ttf_view_has_rows" time="0.010" /><testcase classname="tests.test_implied_ttf" name="test_implied_ttf_is_algebraic_inverse_of_css" time="0.003" /><testcase classname="tests.test_implied_ttf" name="test_observed_vs_implied_correlation_higher_on_high_gas" time="0.005" /><testcase classname="tests.test_placebo" name="test_real_event_impacts_rowcount" time="0.021" /><testcase classname="tests.test_placebo" name="test_placebo_distribution_deterministic_with_seed" time="0.024" /><testcase classname="tests.test_placebo" name="test_real_power_mean_sits_in_placebo_tail" time="0.102" /><testcase classname="tests.test_sentiment_features" name="test_gdelt_events_features_has_goldstein_signal" time="0.132" /><testcase classname="tests.test_sentiment_features" name="test_gkg_views_have_rows" time="0.532" /><testcase classname="tests.test_sentiment_features" name="test_gkg_themes_oil_jumps_on_qatar_lng_event" time="0.133" /><testcase classname="tests.test_sentiment_features" name="test_finbert_daily_view_uncorrelated_with_avgtone" time="0.081" /><testcase classname="tests.test_uka_ingest" name="test_uka_proxy_csv_columns" time="0.001" /><testcase classname="tests.test_uka_ingest" name="test_uka_proxy_csv_rowcount_in_range" time="0.000" /><testcase classname="tests.test_uka_ingest" name="test_uka_proxy_gbp_sensible_range" time="0.000" /><testcase classname="tests.test_uka_ingest" name="test_uka_proxy_source_tag" time="0.000" /></testsuite></testsuites>